// Jest Snapshot v1, https://goo.gl/fbAQLP

exports[`ProductCreate matchs snapshot properly 1`] = `
<View
  style={
    Object {
      "alignContent": "center",
      "backgroundColor": "#FFFAFA",
      "flex": 1,
      "padding": 20,
    }
  }
>
  <Text
    style={
      Object {
        "color": "#CD7F32",
        "fontSize": 20,
        "marginBottom": 30,
      }
    }
  >
    Cadastro do Produto
  </Text>
  <TextInput
    allowFontScaling={true}
    autoCapitalize="none"
    onChangeText={[Function]}
    placeholder="Nome do Produto"
    placeholderTextColor="#CD7F32"
    rejectResponderTermination={true}
    style={
      Object {
        "backgroundColor": "#E3E1E1",
        "color": "#000",
        "height": 40,
        "marginBottom": 10,
        "padding": 10,
      }
    }
    underlineColorAndroid="transparent"
  />
  <TextInput
    allowFontScaling={true}
    autoCapitalize="none"
    onChangeText={[Function]}
    placeholder="Descrição"
    placeholderTextColor="#CD7F32"
    rejectResponderTermination={true}
    style={
      Object {
        "alignContent": "center",
        "backgroundColor": "#E3E1E1",
        "color": "#000",
        "height": 100,
        "marginBottom": 10,
        "padding": 10,
      }
    }
    underlineColorAndroid="transparent"
  />
  <TextInput
    allowFontScaling={true}
    autoCapitalize="none"
    keyboardType="numeric"
    onChangeText={[Function]}
    placeholder="Preço"
    placeholderTextColor="#CD7F32"
    rejectResponderTermination={true}
    style={
      Object {
        "backgroundColor": "#E3E1E1",
        "color": "#000",
        "height": 40,
        "marginBottom": 10,
        "padding": 10,
      }
    }
    underlineColorAndroid="transparent"
  />
  <View
    accessibilityRole="button"
    accessibilityStates={Array []}
    accessible={true}
    clickable={true}
    isTVSelectable={true}
    onClick={[Function]}
    onResponderGrant={[Function]}
    onResponderMove={[Function]}
    onResponderRelease={[Function]}
    onResponderTerminate={[Function]}
    onResponderTerminationRequest={[Function]}
    onStartShouldSetResponder={[Function]}
    style={
      Object {
        "opacity": 1,
      }
    }
  >
    <View
      style={
        Array [
          Object {},
        ]
      }
    >
      <Text
        style={
          Array [
            Object {
              "color": "#007AFF",
              "fontSize": 18,
              "padding": 8,
              "textAlign": "center",
            },
            Object {
              "color": "#239033",
            },
          ]
        }
      >
        Adicionar Foto
      </Text>
    </View>
  </View>
  <View
    accessibilityRole="button"
    accessibilityStates={Array []}
    accessible={true}
    clickable={true}
    isTVSelectable={true}
    onClick={[Function]}
    onResponderGrant={[Function]}
    onResponderMove={[Function]}
    onResponderRelease={[Function]}
    onResponderTerminate={[Function]}
    onResponderTerminationRequest={[Function]}
    onStartShouldSetResponder={[Function]}
    style={
      Object {
        "opacity": 1,
      }
    }
  >
    <View
      style={
        Array [
          Object {},
        ]
      }
    >
      <Text
        style={
          Array [
            Object {
              "color": "#007AFF",
              "fontSize": 18,
              "padding": 8,
              "textAlign": "center",
            },
            Object {
              "color": "#239033",
            },
          ]
        }
      >
        Cadastrar
      </Text>
    </View>
  </View>
</View>
`;
