// Jest Snapshot v1, https://goo.gl/fbAQLP

exports[`#SignUp matchs snapshot properly 1`] = `
<View
  style={
    Object {
      "alignContent": "center",
      "backgroundColor": "#FFFAFA",
      "flex": 1,
      "padding": 20,
    }
  }
>
  <Text
    style={
      Object {
        "color": "#CD7F32",
        "fontSize": 20,
        "marginBottom": 30,
      }
    }
  >
    Cadastro do iTrade
  </Text>
  <TextInput
    allowFontScaling={true}
    autoCapitalize="none"
    onChangeText={[Function]}
    placeholder="Nome"
    placeholderTextColor="#CD7F32"
    rejectResponderTermination={true}
    style={
      Object {
        "backgroundColor": "#E3E1E1",
        "color": "#000",
        "height": 40,
        "marginBottom": 10,
        "padding": 10,
      }
    }
    underlineColorAndroid="transparent"
  />
  <TextInput
    allowFontScaling={true}
    autoCapitalize="none"
    onChangeText={[Function]}
    placeholder="Senha"
    placeholderTextColor="#CD7F32"
    rejectResponderTermination={true}
    secureTextEntry={true}
    style={
      Object {
        "backgroundColor": "#E3E1E1",
        "color": "#000",
        "height": 40,
        "marginBottom": 10,
        "padding": 10,
      }
    }
    underlineColorAndroid="transparent"
  />
  <TextInput
    allowFontScaling={true}
    autoCapitalize="none"
    onChangeText={[Function]}
    placeholder="Email"
    placeholderTextColor="#CD7F32"
    rejectResponderTermination={true}
    style={
      Object {
        "backgroundColor": "#E3E1E1",
        "color": "#000",
        "height": 40,
        "marginBottom": 10,
        "padding": 10,
      }
    }
    underlineColorAndroid="transparent"
  />
  <TextInput
    allowFontScaling={true}
    autoCapitalize="none"
    onChangeText={[Function]}
    placeholder="Telefone"
    placeholderTextColor="#CD7F32"
    rejectResponderTermination={true}
    style={
      Object {
        "backgroundColor": "#E3E1E1",
        "color": "#000",
        "height": 40,
        "marginBottom": 10,
        "padding": 10,
      }
    }
    underlineColorAndroid="transparent"
  />
  <View
    style={
      Object {
        "height": 50,
        "width": 100,
      }
    }
  >
    <RCTPicker
      items={
        Array [
          Object {
            "label": "Free",
            "textColor": undefined,
            "value": "Free",
          },
          Object {
            "label": "Premium",
            "textColor": undefined,
            "value": "Premium",
          },
        ]
      }
      onChange={[Function]}
      onResponderTerminationRequest={[Function]}
      onStartShouldSetResponder={[Function]}
      selectedIndex={0}
      style={
        Array [
          Object {
            "height": 216,
          },
          undefined,
        ]
      }
    />
  </View>
  <View
    accessibilityRole="button"
    accessibilityStates={Array []}
    accessible={true}
    clickable={true}
    isTVSelectable={true}
    onClick={[Function]}
    onResponderGrant={[Function]}
    onResponderMove={[Function]}
    onResponderRelease={[Function]}
    onResponderTerminate={[Function]}
    onResponderTerminationRequest={[Function]}
    onStartShouldSetResponder={[Function]}
    style={
      Object {
        "opacity": 1,
      }
    }
  >
    <View
      style={
        Array [
          Object {},
        ]
      }
    >
      <Text
        style={
          Array [
            Object {
              "color": "#007AFF",
              "fontSize": 18,
              "padding": 8,
              "textAlign": "center",
            },
            Object {
              "color": "#239033",
            },
          ]
        }
      >
        Registrar
      </Text>
    </View>
  </View>
</View>
`;
